Archive member included to satisfy reference by file (symbol)

c:/st/stm32cubeide_1.0.2/stm32cubeide/plugins/com.st.stm32cube.ide.mcu.externaltools.gnu-tools-for-stm32.7-2018-q2-update.win32_1.0.0.201904181610/tools/bin/../lib/gcc/arm-none-eabi/7.3.1/../../../../arm-none-eabi/lib/thumb/v7-m\libm.a(lib_a-wf_pow.o)
                              src/main.o (powf)
c:/st/stm32cubeide_1.0.2/stm32cubeide/plugins/com.st.stm32cube.ide.mcu.externaltools.gnu-tools-for-stm32.7-2018-q2-update.win32_1.0.0.201904181610/tools/bin/../lib/gcc/arm-none-eabi/7.3.1/../../../../arm-none-eabi/lib/thumb/v7-m\libm.a(lib_a-ef_pow.o)
                              c:/st/stm32cubeide_1.0.2/stm32cubeide/plugins/com.st.stm32cube.ide.mcu.externaltools.gnu-tools-for-stm32.7-2018-q2-update.win32_1.0.0.201904181610/tools/bin/../lib/gcc/arm-none-eabi/7.3.1/../../../../arm-none-eabi/lib/thumb/v7-m\libm.a(lib_a-wf_pow.o) (__ieee754_powf)
c:/st/stm32cubeide_1.0.2/stm32cubeide/plugins/com.st.stm32cube.ide.mcu.externaltools.gnu-tools-for-stm32.7-2018-q2-update.win32_1.0.0.201904181610/tools/bin/../lib/gcc/arm-none-eabi/7.3.1/../../../../arm-none-eabi/lib/thumb/v7-m\libm.a(lib_a-ef_sqrt.o)
                              c:/st/stm32cubeide_1.0.2/stm32cubeide/plugins/com.st.stm32cube.ide.mcu.externaltools.gnu-tools-for-stm32.7-2018-q2-update.win32_1.0.0.201904181610/tools/bin/../lib/gcc/arm-none-eabi/7.3.1/../../../../arm-none-eabi/lib/thumb/v7-m\libm.a(lib_a-ef_pow.o) (__ieee754_sqrtf)
c:/st/stm32cubeide_1.0.2/stm32cubeide/plugins/com.st.stm32cube.ide.mcu.externaltools.gnu-tools-for-stm32.7-2018-q2-update.win32_1.0.0.201904181610/tools/bin/../lib/gcc/arm-none-eabi/7.3.1/../../../../arm-none-eabi/lib/thumb/v7-m\libm.a(lib_a-s_lib_ver.o)
                              c:/st/stm32cubeide_1.0.2/stm32cubeide/plugins/com.st.stm32cube.ide.mcu.externaltools.gnu-tools-for-stm32.7-2018-q2-update.win32_1.0.0.201904181610/tools/bin/../lib/gcc/arm-none-eabi/7.3.1/../../../../arm-none-eabi/lib/thumb/v7-m\libm.a(lib_a-wf_pow.o) (__fdlib_version)
c:/st/stm32cubeide_1.0.2/stm32cubeide/plugins/com.st.stm32cube.ide.mcu.externaltools.gnu-tools-for-stm32.7-2018-q2-update.win32_1.0.0.201904181610/tools/bin/../lib/gcc/arm-none-eabi/7.3.1/../../../../arm-none-eabi/lib/thumb/v7-m\libm.a(lib_a-s_matherr.o)
                              c:/st/stm32cubeide_1.0.2/stm32cubeide/plugins/com.st.stm32cube.ide.mcu.externaltools.gnu-tools-for-stm32.7-2018-q2-update.win32_1.0.0.201904181610/tools/bin/../lib/gcc/arm-none-eabi/7.3.1/../../../../arm-none-eabi/lib/thumb/v7-m\libm.a(lib_a-wf_pow.o) (matherr)
c:/st/stm32cubeide_1.0.2/stm32cubeide/plugins/com.st.stm32cube.ide.mcu.externaltools.gnu-tools-for-stm32.7-2018-q2-update.win32_1.0.0.201904181610/tools/bin/../lib/gcc/arm-none-eabi/7.3.1/../../../../arm-none-eabi/lib/thumb/v7-m\libm.a(lib_a-sf_fabs.o)
                              c:/st/stm32cubeide_1.0.2/stm32cubeide/plugins/com.st.stm32cube.ide.mcu.externaltools.gnu-tools-for-stm32.7-2018-q2-update.win32_1.0.0.201904181610/tools/bin/../lib/gcc/arm-none-eabi/7.3.1/../../../../arm-none-eabi/lib/thumb/v7-m\libm.a(lib_a-ef_pow.o) (fabsf)
c:/st/stm32cubeide_1.0.2/stm32cubeide/plugins/com.st.stm32cube.ide.mcu.externaltools.gnu-tools-for-stm32.7-2018-q2-update.win32_1.0.0.201904181610/tools/bin/../lib/gcc/arm-none-eabi/7.3.1/../../../../arm-none-eabi/lib/thumb/v7-m\libm.a(lib_a-sf_finite.o)
                              c:/st/stm32cubeide_1.0.2/stm32cubeide/plugins/com.st.stm32cube.ide.mcu.externaltools.gnu-tools-for-stm32.7-2018-q2-update.win32_1.0.0.201904181610/tools/bin/../lib/gcc/arm-none-eabi/7.3.1/../../../../arm-none-eabi/lib/thumb/v7-m\libm.a(lib_a-wf_pow.o) (finitef)
c:/st/stm32cubeide_1.0.2/stm32cubeide/plugins/com.st.stm32cube.ide.mcu.externaltools.gnu-tools-for-stm32.7-2018-q2-update.win32_1.0.0.201904181610/tools/bin/../lib/gcc/arm-none-eabi/7.3.1/../../../../arm-none-eabi/lib/thumb/v7-m\libm.a(lib_a-sf_nan.o)
                              c:/st/stm32cubeide_1.0.2/stm32cubeide/plugins/com.st.stm32cube.ide.mcu.externaltools.gnu-tools-for-stm32.7-2018-q2-update.win32_1.0.0.201904181610/tools/bin/../lib/gcc/arm-none-eabi/7.3.1/../../../../arm-none-eabi/lib/thumb/v7-m\libm.a(lib_a-ef_pow.o) (nanf)
c:/st/stm32cubeide_1.0.2/stm32cubeide/plugins/com.st.stm32cube.ide.mcu.externaltools.gnu-tools-for-stm32.7-2018-q2-update.win32_1.0.0.201904181610/tools/bin/../lib/gcc/arm-none-eabi/7.3.1/../../../../arm-none-eabi/lib/thumb/v7-m\libm.a(lib_a-sf_rint.o)
                              c:/st/stm32cubeide_1.0.2/stm32cubeide/plugins/com.st.stm32cube.ide.mcu.externaltools.gnu-tools-for-stm32.7-2018-q2-update.win32_1.0.0.201904181610/tools/bin/../lib/gcc/arm-none-eabi/7.3.1/../../../../arm-none-eabi/lib/thumb/v7-m\libm.a(lib_a-wf_pow.o) (rintf)
c:/st/stm32cubeide_1.0.2/stm32cubeide/plugins/com.st.stm32cube.ide.mcu.externaltools.gnu-tools-for-stm32.7-2018-q2-update.win32_1.0.0.201904181610/tools/bin/../lib/gcc/arm-none-eabi/7.3.1/../../../../arm-none-eabi/lib/thumb/v7-m\libm.a(lib_a-sf_scalbn.o)
[...]
Memory Configuration

Name             Origin             Length             Attributes
RAM              0x0000000020000000 0x0000000000002800 xrw
FLASH            0x0000000008000000 0x0000000000010000 xr
*default*        0x0000000000000000 0xffffffffffffffff

Linker script and memory map

LOAD c:/st/stm32cubeide_1.0.2/stm32cubeide/plugins/com.st.stm32cube.ide.mcu.externaltools.gnu-tools-for-stm32.7-2018-q2-update.win32_1.0.0.201904181610/tools/bin/../lib/gcc/arm-none-eabi/7.3.1/thumb/v7-m/crti.o
LOAD c:/st/stm32cubeide_1.0.2/stm32cubeide/plugins/com.st.stm32cube.ide.mcu.externaltools.gnu-tools-for-stm32.7-2018-q2-update.win32_1.0.0.201904181610/tools/bin/../lib/gcc/arm-none-eabi/7.3.1/thumb/v7-m/crtbegin.o
LOAD c:/st/stm32cubeide_1.0.2/stm32cubeide/plugins/com.st.stm32cube.ide.mcu.externaltools.gnu-tools-for-stm32.7-2018-q2-update.win32_1.0.0.201904181610/tools/bin/../lib/gcc/arm-none-eabi/7.3.1/../../../../arm-none-eabi/lib/thumb/v7-m/crt0.o
LOAD src/initialisation.o
LOAD src/main.o
LOAD src/startup_stm32l152c8ux.o
LOAD src/system_stm32l1xx.o
START GROUP
LOAD c:/st/stm32cubeide_1.0.2/stm32cubeide/plugins/com.st.stm32cube.ide.mcu.externaltools.gnu-tools-for-stm32.7-2018-q2-update.win32_1.0.0.201904181610/tools/bin/../lib/gcc/arm-none-eabi/7.3.1/../../../../arm-none-eabi/lib/thumb/v7-m\libstdc++_nano.a
LOAD c:/st/stm32cubeide_1.0.2/stm32cubeide/plugins/com.st.stm32cube.ide.mcu.externaltools.gnu-tools-for-stm32.7-2018-q2-update.win32_1.0.0.201904181610/tools/bin/../lib/gcc/arm-none-eabi/7.3.1/../../../../arm-none-eabi/lib/thumb/v7-m\libsupc++_nano.a
END GROUP
LOAD c:/st/stm32cubeide_1.0.2/stm32cubeide/plugins/com.st.stm32cube.ide.mcu.externaltools.gnu-tools-for-stm32.7-2018-q2-update.win32_1.0.0.201904181610/tools/bin/../lib/gcc/arm-none-eabi/7.3.1/../../../../arm-none-eabi/lib/thumb/v7-m\libstdc++_nano.a
LOAD c:/st/stm32cubeide_1.0.2/stm32cubeide/plugins/com.st.stm32cube.ide.mcu.externaltools.gnu-tools-for-stm32.7-2018-q2-update.win32_1.0.0.201904181610/tools/bin/../lib/gcc/arm-none-eabi/7.3.1/../../../../arm-none-eabi/lib/thumb/v7-m\libm.a
LOAD c:/st/stm32cubeide_1.0.2/stm32cubeide/plugins/com.st.stm32cube.ide.mcu.externaltools.gnu-tools-for-stm32.7-2018-q2-update.win32_1.0.0.201904181610/tools/bin/../lib/gcc/arm-none-eabi/7.3.1/../../../../arm-none-eabi/lib/thumb/v7-m\libc_nano.a
START GROUP
LOAD c:/st/stm32cubeide_1.0.2/stm32cubeide/plugins/com.st.stm32cube.ide.mcu.externaltools.gnu-tools-for-stm32.7-2018-q2-update.win32_1.0.0.201904181610/tools/bin/../lib/gcc/arm-none-eabi/7.3.1/thumb/v7-m\libgcc.a
LOAD c:/st/stm32cubeide_1.0.2/stm32cubeide/plugins/com.st.stm32cube.ide.mcu.externaltools.gnu-tools-for-stm32.7-2018-q2-update.win32_1.0.0.201904181610/tools/bin/../lib/gcc/arm-none-eabi/7.3.1/../../../../arm-none-eabi/lib/thumb/v7-m\libc_nano.a
END GROUP
START GROUP
LOAD c:/st/stm32cubeide_1.0.2/stm32cubeide/plugins/com.st.stm32cube.ide.mcu.externaltools.gnu-tools-for-stm32.7-2018-q2-update.win32_1.0.0.201904181610/tools/bin/../lib/gcc/arm-none-eabi/7.3.1/thumb/v7-m\libgcc.a
LOAD c:/st/stm32cubeide_1.0.2/stm32cubeide/plugins/com.st.stm32cube.ide.mcu.externaltools.gnu-tools-for-stm32.7-2018-q2-update.win32_1.0.0.201904181610/tools/bin/../lib/gcc/arm-none-eabi/7.3.1/../../../../arm-none-eabi/lib/thumb/v7-m\libc_nano.a
LOAD c:/st/stm32cubeide_1.0.2/stm32cubeide/plugins/com.st.stm32cube.ide.mcu.externaltools.gnu-tools-for-stm32.7-2018-q2-update.win32_1.0.0.201904181610/tools/bin/../lib/gcc/arm-none-eabi/7.3.1/../../../../arm-none-eabi/lib/thumb/v7-m\libnosys.a
END GROUP
START GROUP
LOAD c:/st/stm32cubeide_1.0.2/stm32cubeide/plugins/com.st.stm32cube.ide.mcu.externaltools.gnu-tools-for-stm32.7-2018-q2-update.win32_1.0.0.201904181610/tools/bin/../lib/gcc/arm-none-eabi/7.3.1/thumb/v7-m\libgcc.a
LOAD c:/st/stm32cubeide_1.0.2/stm32cubeide/plugins/com.st.stm32cube.ide.mcu.externaltools.gnu-tools-for-stm32.7-2018-q2-update.win32_1.0.0.201904181610/tools/bin/../lib/gcc/arm-none-eabi/7.3.1/../../../../arm-none-eabi/lib/thumb/v7-m\libc_nano.a
LOAD c:/st/stm32cubeide_1.0.2/stm32cubeide/plugins/com.st.stm32cube.ide.mcu.externaltools.gnu-tools-for-stm32.7-2018-q2-update.win32_1.0.0.201904181610/tools/bin/../lib/gcc/arm-none-eabi/7.3.1/../../../../arm-none-eabi/lib/thumb/v7-m\libnosys.a
END GROUP
LOAD c:/st/stm32cubeide_1.0.2/stm32cubeide/plugins/com.st.stm32cube.ide.mcu.externaltools.gnu-tools-for-stm32.7-2018-q2-update.win32_1.0.0.201904181610/tools/bin/../lib/gcc/arm-none-eabi/7.3.1/thumb/v7-m/crtend.o
LOAD c:/st/stm32cubeide_1.0.2/stm32cubeide/plugins/com.st.stm32cube.ide.mcu.externaltools.gnu-tools-for-stm32.7-2018-q2-update.win32_1.0.0.201904181610/tools/bin/../lib/gcc/arm-none-eabi/7.3.1/thumb/v7-m/crtn.o
                0x0000000020002800                _estack = (ORIGIN (RAM) + LENGTH (RAM))
                0x0000000000000200                _Min_Heap_Size = 0x200
                0x0000000000000400                _Min_Stack_Size = 0x400

.isr_vector     0x0000000008000000      0x13c
                0x0000000008000000                . = ALIGN (0x4)
 *(.isr_vector)
 .isr_vector    0x0000000008000000      0x13c src/startup_stm32l152c8ux.o
                0x0000000008000000                g_pfnVectors
                0x000000000800013c                . = ALIGN (0x4)

.text           0x000000000800013c     0x248c
                0x000000000800013c                . = ALIGN (0x4)
 *(.text)
 .text          0x000000000800013c       0x40 c:/st/stm32cubeide_1.0.2/stm32cubeide/plugins/com.st.stm32cube.ide.mcu.externaltools.gnu-tools-for-stm32.7-2018-q2-update.win32_1.0.0.201904181610/tools/bin/../lib/gcc/arm-none-eabi/7.3.1/thumb/v7-m/crtbegin.o
 .text          0x000000000800017c      0x378 c:/st/stm32cubeide_1.0.2/stm32cubeide/plugins/com.st.stm32cube.ide.mcu.externaltools.gnu-tools-for-stm32.7-2018-q2-update.win32_1.0.0.201904181610/tools/bin/../lib/gcc/arm-none-eabi/7.3.1/thumb/v7-m\libgcc.a(_arm_addsubdf3.o)
                0x000000000800017c                __aeabi_drsub
                0x0000000008000184                __aeabi_dsub
                0x0000000008000184                __subdf3
                0x0000000008000188                __aeabi_dadd
                0x0000000008000188                __adddf3
                0x0000000008000400                __floatunsidf
                0x0000000008000400                __aeabi_ui2d
                0x0000000008000420                __floatsidf
                0x0000000008000420                __aeabi_i2d
                0x0000000008000444                __aeabi_f2d
                0x0000000008000444                __extendsfdf2
                0x0000000008000488                __floatundidf
                0x0000000008000488                __aeabi_ul2d
                0x0000000008000498                __floatdidf
                0x0000000008000498                __aeabi_l2d
 .text          0x00000000080004f4       0xa0 c:/st/stm32cubeide_1.0.2/stm32cubeide/plugins/com.st.stm32cube.ide.mcu.externaltools.gnu-tools-for-stm32.7-2018-q2-update.win32_1.0.0.201904181610/tools/bin/../lib/gcc/arm-none-eabi/7.3.1/thumb/v7-m\libgcc.a(_arm_truncdfsf2.o)
                0x00000000080004f4                __truncdfsf2
                0x00000000080004f4                __aeabi_d2f
 .text          0x0000000008000594      0x21c c:/st/stm32cubeide_1.0.2/stm32cubeide/plugins/com.st.stm32cube.ide.mcu.externaltools.gnu-tools-for-stm32.7-2018-q2-update.win32_1.0.0.201904181610/tools/bin/../lib/gcc/arm-none-eabi/7.3.1/thumb/v7-m\libgcc.a(_arm_addsubsf3.o)
                0x0000000008000594                __aeabi_frsub
                0x000000000800059c                __subsf3
                0x000000000800059c                __aeabi_fsub
                0x00000000080005a0                __aeabi_fadd
                0x00000000080005a0                __addsf3
                0x0000000008000700                __aeabi_ui2f
                0x0000000008000700                __floatunsisf
                0x0000000008000708                __aeabi_i2f
                0x0000000008000708                __floatsisf
                0x0000000008000724                __aeabi_ul2f
                0x0000000008000724                __floatundisf
                0x0000000008000734                __aeabi_l2f
                0x0000000008000734                __floatdisf
 .text          0x00000000080007b0      0x2a0 c:/st/stm32cubeide_1.0.2/stm32cubeide/plugins/com.st.stm32cube.ide.mcu.externaltools.gnu-tools-for-stm32.7-2018-q2-update.win32_1.0.0.201904181610/tools/bin/../lib/gcc/arm-none-eabi/7.3.1/thumb/v7-m\libgcc.a(_arm_muldivsf3.o)
                0x00000000080007b0                __mulsf3
                0x00000000080007b0                __aeabi_fmul
                0x0000000008000918                __aeabi_fdiv
                0x0000000008000918                __divsf3
 .text          0x0000000008000a50       0xec c:/st/stm32cubeide_1.0.2/stm32cubeide/plugins/com.st.stm32cube.ide.mcu.externaltools.gnu-tools-for-stm32.7-2018-q2-update.win32_1.0.0.201904181610/tools/bin/../lib/gcc/arm-none-eabi/7.3.1/thumb/v7-m\libgcc.a(_arm_cmpsf2.o)
                0x0000000008000a50                __gesf2
                0x0000000008000a50                __gtsf2
                0x0000000008000a58                __lesf2
                0x0000000008000a58                __ltsf2
                0x0000000008000a60                __nesf2
                0x0000000008000a60                __eqsf2
                0x0000000008000a60                __cmpsf2
                0x0000000008000ac0                __aeabi_cfrcmple
                0x0000000008000ac8                __aeabi_cfcmpeq
                0x0000000008000ac8                __aeabi_cfcmple
                0x0000000008000ad8                __aeabi_fcmpeq
                0x0000000008000aec                __aeabi_fcmplt
                0x0000000008000b00                __aeabi_fcmple
                0x0000000008000b14                __aeabi_fcmpge
                0x0000000008000b28                __aeabi_fcmpgt
 .text          0x0000000008000b3c       0x2c c:/st/stm32cubeide_1.0.2/stm32cubeide/plugins/com.st.stm32cube.ide.mcu.externaltools.gnu-tools-for-stm32.7-2018-q2-update.win32_1.0.0.201904181610/tools/bin/../lib/gcc/arm-none-eabi/7.3.1/thumb/v7-m\libgcc.a(_arm_unordsf2.o)
                0x0000000008000b3c                __unordsf2
                0x0000000008000b3c                __aeabi_fcmpun
 .text          0x0000000008000b68       0x40 c:/st/stm32cubeide_1.0.2/stm32cubeide/plugins/com.st.stm32cube.ide.mcu.externaltools.gnu-tools-for-stm32.7-2018-q2-update.win32_1.0.0.201904181610/tools/bin/../lib/gcc/arm-none-eabi/7.3.1/thumb/v7-m\libgcc.a(_arm_fixunssfsi.o)
                0x0000000008000b68                __fixunssfsi
                0x0000000008000b68                __aeabi_f2uiz
 *(.text*)
 .text.__NVIC_EnableIRQ
                0x0000000008000ba8       0x3c src/initialisation.o
 .text.__NVIC_SetPriority
                0x0000000008000be4       0x5c src/initialisation.o
 .text._Z18SystemClock_Configv
                0x0000000008000c40      0x11c src/initialisation.o
                0x0000000008000c40                SystemClock_Config()
 .text._Z7InitADCv
                0x0000000008000d5c      0x2d4 src/initialisation.o
                0x0000000008000d5c                InitADC()
 .text._Z6InitIOv
                0x0000000008001030       0x34 src/initialisation.o
                0x0000000008001030                InitIO()
 .text._Z7InitSPIv
                0x0000000008001064      0x100 src/initialisation.o
                0x0000000008001064                InitSPI()
 .text._Z11sendSPIDatat
                0x0000000008001164       0x5c src/initialisation.o
                0x0000000008001164                sendSPIData(unsigned short)
 .text._Z8clearSPIv
                0x00000000080011c0       0x50 src/initialisation.o
                0x00000000080011c0                clearSPI()
 .text._Z12InitSPITimerv
                0x0000000008001210       0x5c src/initialisation.o
                0x0000000008001210                InitSPITimer()
 .text._ZSt3powff
                0x000000000800126c       0x1c src/main.o
                0x000000000800126c                std::pow(float, float)
 .text.ADC1_IRQHandler
                0x0000000008001288       0x1c src/main.o
                0x0000000008001288                ADC1_IRQHandler
 .text.TIM3_IRQHandler
                0x00000000080012a4      0x498 src/main.o
                0x00000000080012a4                TIM3_IRQHandler
 .text.SysTick_Handler
                0x000000000800173c       0x1c src/main.o
                0x000000000800173c                SysTick_Handler
 .text.NMI_Handler
                0x0000000008001758        0xc src/main.o
                0x0000000008001758                NMI_Handler
 .text.HardFault_Handler
                0x0000000008001764        0x6 src/main.o
                0x0000000008001764                HardFault_Handler
 .text.MemManage_Handler
                0x000000000800176a        0x6 src/main.o
                0x000000000800176a                MemManage_Handler
 .text.BusFault_Handler
                0x0000000008001770        0x6 src/main.o
                0x0000000008001770                BusFault_Handler
 .text.UsageFault_Handler
                0x0000000008001776        0x6 src/main.o
                0x0000000008001776                UsageFault_Handler
 .text.SVC_Handler
                0x000000000800177c        0xc src/main.o
                0x000000000800177c                SVC_Handler
 .text.DebugMon_Handler
                0x0000000008001788        0xc src/main.o
                0x0000000008001788                DebugMon_Handler
 .text.PendSV_Handler
                0x0000000008001794        0xc src/main.o
                0x0000000008001794                PendSV_Handler
 .text.main     0x00000000080017a0       0x2e src/main.o
                0x00000000080017a0                main
 .text._ZSt3maxIiERKT_S2_S2_
                0x00000000080017ce       0x26 src/main.o
                0x00000000080017ce                int const& std::max<int>(int const&, int const&)
 .text.Reset_Handler
                0x00000000080017f4       0x48 src/startup_stm32l152c8ux.o
                0x00000000080017f4                Reset_Handler
 .text.Default_Handler
                0x000000000800183c        0x2 src/startup_stm32l152c8ux.o
                0x000000000800183c                RTC_Alarm_IRQHandler
                0x000000000800183c                EXTI2_IRQHandler
                0x000000000800183c                TIM10_IRQHandler
                0x000000000800183c                USB_HP_IRQHandler
                0x000000000800183c                TIM6_IRQHandler
                0x000000000800183c                PVD_IRQHandler
                0x000000000800183c                EXTI3_IRQHandler
                0x000000000800183c                EXTI0_IRQHandler
                0x000000000800183c                I2C2_EV_IRQHandler
                0x000000000800183c                SPI1_IRQHandler
                0x000000000800183c                USB_FS_WKUP_IRQHandler
                0x000000000800183c                DMA1_Channel4_IRQHandler
                0x000000000800183c                USART3_IRQHandler
                0x000000000800183c                DMA1_Channel7_IRQHandler
                0x000000000800183c                LCD_IRQHandler
                0x000000000800183c                TIM4_IRQHandler
                0x000000000800183c                I2C1_EV_IRQHandler
                0x000000000800183c                DMA1_Channel6_IRQHandler
                0x000000000800183c                RCC_IRQHandler
                0x000000000800183c                DMA1_Channel1_IRQHandler
                0x000000000800183c                Default_Handler
                0x000000000800183c                EXTI15_10_IRQHandler
                0x000000000800183c                TIM7_IRQHandler
                0x000000000800183c                EXTI9_5_IRQHandler
                0x000000000800183c                TIM9_IRQHandler
                0x000000000800183c                TAMPER_STAMP_IRQHandler
                0x000000000800183c                RTC_WKUP_IRQHandler
                0x000000000800183c                SPI2_IRQHandler
                0x000000000800183c                DMA1_Channel5_IRQHandler
                0x000000000800183c                USB_LP_IRQHandler
                0x000000000800183c                EXTI4_IRQHandler
                0x000000000800183c                DMA1_Channel3_IRQHandler
                0x000000000800183c                COMP_IRQHandler
                0x000000000800183c                WWDG_IRQHandler
                0x000000000800183c                TIM2_IRQHandler
                0x000000000800183c                DAC_IRQHandler
                0x000000000800183c                EXTI1_IRQHandler
                0x000000000800183c                TIM11_IRQHandler
                0x000000000800183c                USART2_IRQHandler
                0x000000000800183c                I2C2_ER_IRQHandler
                0x000000000800183c                DMA1_Channel2_IRQHandler
                0x000000000800183c                FLASH_IRQHandler
                0x000000000800183c                USART1_IRQHandler
                0x000000000800183c                I2C1_ER_IRQHandler
 *fill*         0x000000000800183e        0x2 
 .text.SystemInit
                0x0000000008001840       0x68 src/system_stm32l1xx.o
                0x0000000008001840                SystemInit
 .text.SystemCoreClockUpdate
                0x00000000080018a8      0x150 src/system_stm32l1xx.o
                0x00000000080018a8                SystemCoreClockUpdate
 .text.powf     0x00000000080019f8      0x2c0 c:/st/stm32cubeide_1.0.2/stm32cubeide/plugins/com.st.stm32cube.ide.mcu.externaltools.gnu-tools-for-stm32.7-2018-q2-update.win32_1.0.0.201904181610/tools/bin/../lib/gcc/arm-none-eabi/7.3.1/../../../../arm-none-eabi/lib/thumb/v7-m\libm.a(lib_a-wf_pow.o)
                0x00000000080019f8                powf
 .text.__ieee754_powf
                0x0000000008001cb8      0x698 c:/st/stm32cubeide_1.0.2/stm32cubeide/plugins/com.st.stm32cube.ide.mcu.externaltools.gnu-tools-for-stm32.7-2018-q2-update.win32_1.0.0.201904181610/tools/bin/../lib/gcc/arm-none-eabi/7.3.1/../../../../arm-none-eabi/lib/thumb/v7-m\libm.a(lib_a-ef_pow.o)
                0x0000000008001cb8                __ieee754_powf
 .text.__ieee754_sqrtf
                0x0000000008002350       0xa6 c:/st/stm32cubeide_1.0.2/stm32cubeide/plugins/com.st.stm32cube.ide.mcu.externaltools.gnu-tools-for-stm32.7-2018-q2-update.win32_1.0.0.201904181610/tools/bin/../lib/gcc/arm-none-eabi/7.3.1/../../../../arm-none-eabi/lib/thumb/v7-m\libm.a(lib_a-ef_sqrt.o)
                0x0000000008002350                __ieee754_sqrtf
 .text.matherr  0x00000000080023f6        0x4 c:/st/stm32cubeide_1.0.2/stm32cubeide/plugins/com.st.stm32cube.ide.mcu.externaltools.gnu-tools-for-stm32.7-2018-q2-update.win32_1.0.0.201904181610/tools/bin/../lib/gcc/arm-none-eabi/7.3.1/../../../../arm-none-eabi/lib/thumb/v7-m\libm.a(lib_a-s_matherr.o)
                0x00000000080023f6                matherr
 .text.fabsf    0x00000000080023fa        0x6 c:/st/stm32cubeide_1.0.2/stm32cubeide/plugins/com.st.stm32cube.ide.mcu.externaltools.gnu-tools-for-stm32.7-2018-q2-update.win32_1.0.0.201904181610/tools/bin/../lib/gcc/arm-none-eabi/7.3.1/../../../../arm-none-eabi/lib/thumb/v7-m\libm.a(lib_a-sf_fabs.o)
                0x00000000080023fa                fabsf
 .text.finitef  0x0000000008002400       0x10 c:/st/stm32cubeide_1.0.2/stm32cubeide/plugins/com.st.stm32cube.ide.mcu.externaltools.gnu-tools-for-stm32.7-2018-q2-update.win32_1.0.0.201904181610/tools/bin/../lib/gcc/arm-none-eabi/7.3.1/../../../../arm-none-eabi/lib/thumb/v7-m\libm.a(lib_a-sf_finite.o)
                0x0000000008002400                finitef
 .text.nanf     0x0000000008002410        0x8 c:/st/stm32cubeide_1.0.2/stm32cubeide/plugins/com.st.stm32cube.ide.mcu.externaltools.gnu-tools-for-stm32.7-2018-q2-update.win32_1.0.0.201904181610/tools/bin/../lib/gcc/arm-none-eabi/7.3.1/../../../../arm-none-eabi/lib/thumb/v7-m\libm.a(lib_a-sf_nan.o)
                0x0000000008002410                nanf
 .text.rintf    0x0000000008002418       0xa0 c:/st/stm32cubeide_1.0.2/stm32cubeide/plugins/com.st.stm32cube.ide.mcu.externaltools.gnu-tools-for-stm32.7-2018-q2-update.win32_1.0.0.201904181610/tools/bin/../lib/gcc/arm-none-eabi/7.3.1/../../../../arm-none-eabi/lib/thumb/v7-m\libm.a(lib_a-sf_rint.o)
                0x0000000008002418                rintf
 .text.scalbnf  0x00000000080024b8       0x98 c:/st/stm32cubeide_1.0.2/stm32cubeide/plugins/com.st.stm32cube.ide.mcu.externaltools.gnu-tools-for-stm32.7-2018-q2-update.win32_1.0.0.201904181610/tools/bin/../lib/gcc/arm-none-eabi/7.3.1/../../../../arm-none-eabi/lib/thumb/v7-m\libm.a(lib_a-sf_scalbn.o)
                0x00000000080024b8                scalbnf
 .text.copysignf
                0x0000000008002550        0xc c:/st/stm32cubeide_1.0.2/stm32cubeide/plugins/com.st.stm32cube.ide.mcu.externaltools.gnu-tools-for-stm32.7-2018-q2-update.win32_1.0.0.201904181610/tools/bin/../lib/gcc/arm-none-eabi/7.3.1/../../../../arm-none-eabi/lib/thumb/v7-m\libm.a(lib_a-sf_copysign.o)
                0x0000000008002550                copysignf
 .text.__errno  0x000000000800255c        0xc c:/st/stm32cubeide_1.0.2/stm32cubeide/plugins/com.st.stm32cube.ide.mcu.externaltools.gnu-tools-for-stm32.7-2018-q2-update.win32_1.0.0.201904181610/tools/bin/../lib/gcc/arm-none-eabi/7.3.1/../../../../arm-none-eabi/lib/thumb/v7-m\libc_nano.a(lib_a-errno.o)
                0x000000000800255c                __errno
 .text.__libc_init_array
                0x0000000008002568       0x48 c:/st/stm32cubeide_1.0.2/stm32cubeide/plugins/com.st.stm32cube.ide.mcu.externaltools.gnu-tools-for-stm32.7-2018-q2-update.win32_1.0.0.201904181610/tools/bin/../lib/gcc/arm-none-eabi/7.3.1/../../../../arm-none-eabi/lib/thumb/v7-m\libc_nano.a(lib_a-init.o)
                0x0000000008002568                __libc_init_array
 *(.glue_7)
 .glue_7        0x00000000080025b0        0x0 linker stubs
 *(.glue_7t)
 .glue_7t       0x00000000080025b0        0x0 linker stubs
 *(.eh_frame)
 .eh_frame      0x00000000080025b0        0x0 c:/st/stm32cubeide_1.0.2/stm32cubeide/plugins/com.st.stm32cube.ide.mcu.externaltools.gnu-tools-for-stm32.7-2018-q2-update.win32_1.0.0.201904181610/tools/bin/../lib/gcc/arm-none-eabi/7.3.1/thumb/v7-m/crtbegin.o
 *(.init)
 .init          0x00000000080025b0        0x4 c:/st/stm32cubeide_1.0.2/stm32cubeide/plugins/com.st.stm32cube.ide.mcu.externaltools.gnu-tools-for-stm32.7-2018-q2-update.win32_1.0.0.201904181610/tools/bin/../lib/gcc/arm-none-eabi/7.3.1/thumb/v7-m/crti.o
                0x00000000080025b0                _init
 .init          0x00000000080025b4        0x8 c:/st/stm32cubeide_1.0.2/stm32cubeide/plugins/com.st.stm32cube.ide.mcu.externaltools.gnu-tools-for-stm32.7-2018-q2-update.win32_1.0.0.201904181610/tools/bin/../lib/gcc/arm-none-eabi/7.3.1/thumb/v7-m/crtn.o
 *(.fini)
 .fini          0x00000000080025bc        0x4 c:/st/stm32cubeide_1.0.2/stm32cubeide/plugins/com.st.stm32cube.ide.mcu.externaltools.gnu-tools-for-stm32.7-2018-q2-update.win32_1.0.0.201904181610/tools/bin/../lib/gcc/arm-none-eabi/7.3.1/thumb/v7-m/crti.o
                0x00000000080025bc                _fini
 .fini          0x00000000080025c0        0x8 c:/st/stm32cubeide_1.0.2/stm32cubeide/plugins/com.st.stm32cube.ide.mcu.externaltools.gnu-tools-for-stm32.7-2018-q2-update.win32_1.0.0.201904181610/tools/bin/../lib/gcc/arm-none-eabi/7.3.1/thumb/v7-m/crtn.o
                0x00000000080025c8                . = ALIGN (0x4)
                0x00000000080025c8                _etext = .

.vfp11_veneer   0x00000000080025c8        0x0
 .vfp11_veneer  0x00000000080025c8        0x0 linker stubs

.v4_bx          0x00000000080025c8        0x0
 .v4_bx         0x00000000080025c8        0x0 linker stubs

.iplt           0x00000000080025c8        0x0
 .iplt          0x00000000080025c8        0x0 c:/st/stm32cubeide_1.0.2/stm32cubeide/plugins/com.st.stm32cube.ide.mcu.externaltools.gnu-tools-for-stm32.7-2018-q2-update.win32_1.0.0.201904181610/tools/bin/../lib/gcc/arm-none-eabi/7.3.1/thumb/v7-m/crtbegin.o

.rodata         0x00000000080025c8       0x44
                0x00000000080025c8                . = ALIGN (0x4)
 *(.rodata)
 *(.rodata*)
 .rodata.PLLMulTable
                0x00000000080025c8        0x9 src/system_stm32l1xx.o
                0x00000000080025c8                PLLMulTable
 *fill*         0x00000000080025d1        0x3 
 .rodata.AHBPrescTable
                0x00000000080025d4       0x10 src/system_stm32l1xx.o
                0x00000000080025d4                AHBPrescTable
 .rodata.powf.str1.1
                0x00000000080025e4        0x5 c:/st/stm32cubeide_1.0.2/stm32cubeide/plugins/com.st.stm32cube.ide.mcu.externaltools.gnu-tools-for-stm32.7-2018-q2-update.win32_1.0.0.201904181610/tools/bin/../lib/gcc/arm-none-eabi/7.3.1/../../../../arm-none-eabi/lib/thumb/v7-m\libm.a(lib_a-wf_pow.o)
 .rodata.__ieee754_powf.str1.1
                0x00000000080025e9        0x5 c:/st/stm32cubeide_1.0.2/stm32cubeide/plugins/com.st.stm32cube.ide.mcu.externaltools.gnu-tools-for-stm32.7-2018-q2-update.win32_1.0.0.201904181610/tools/bin/../lib/gcc/arm-none-eabi/7.3.1/../../../../arm-none-eabi/lib/thumb/v7-m\libm.a(lib_a-ef_pow.o)
                                          0x1 (size before relaxing)
 *fill*         0x00000000080025e9        0x3 
 .rodata.bp     0x00000000080025ec        0x8 c:/st/stm32cubeide_1.0.2/stm32cubeide/plugins/com.st.stm32cube.ide.mcu.externaltools.gnu-tools-for-stm32.7-2018-q2-update.win32_1.0.0.201904181610/tools/bin/../lib/gcc/arm-none-eabi/7.3.1/../../../../arm-none-eabi/lib/thumb/v7-m\libm.a(lib_a-ef_pow.o)
 .rodata.dp_h   0x00000000080025f4        0x8 c:/st/stm32cubeide_1.0.2/stm32cubeide/plugins/com.st.stm32cube.ide.mcu.externaltools.gnu-tools-for-stm32.7-2018-q2-update.win32_1.0.0.201904181610/tools/bin/../lib/gcc/arm-none-eabi/7.3.1/../../../../arm-none-eabi/lib/thumb/v7-m\libm.a(lib_a-ef_pow.o)
 .rodata.dp_l   0x00000000080025fc        0x8 c:/st/stm32cubeide_1.0.2/stm32cubeide/plugins/com.st.stm32cube.ide.mcu.externaltools.gnu-tools-for-stm32.7-2018-q2-update.win32_1.0.0.201904181610/tools/bin/../lib/gcc/arm-none-eabi/7.3.1/../../../../arm-none-eabi/lib/thumb/v7-m\libm.a(lib_a-ef_pow.o)
 .rodata.TWO23  0x0000000008002604        0x8 c:/st/stm32cubeide_1.0.2/stm32cubeide/plugins/com.st.stm32cube.ide.mcu.externaltools.gnu-tools-for-stm32.7-2018-q2-update.win32_1.0.0.201904181610/tools/bin/../lib/gcc/arm-none-eabi/7.3.1/../../../../arm-none-eabi/lib/thumb/v7-m\libm.a(lib_a-sf_rint.o)
                0x000000000800260c                . = ALIGN (0x4)

.rel.dyn        0x000000000800260c        0x0
 .rel.iplt      0x000000000800260c        0x0 c:/st/stm32cubeide_1.0.2/stm32cubeide/plugins/com.st.stm32cube.ide.mcu.externaltools.gnu-tools-for-stm32.7-2018-q2-update.win32_1.0.0.201904181610/tools/bin/../lib/gcc/arm-none-eabi/7.3.1/thumb/v7-m/crtbegin.o

.ARM.extab      0x000000000800260c        0x0
                0x000000000800260c                . = ALIGN (0x4)
 *(.ARM.extab* .gnu.linkonce.armextab.*)
                0x000000000800260c                . = ALIGN (0x4)

.ARM            0x000000000800260c        0x0
                0x000000000800260c                . = ALIGN (0x4)
                0x000000000800260c                __exidx_start = .
 *(.ARM.exidx*)
                0x000000000800260c                __exidx_end = .
                0x000000000800260c                . = ALIGN (0x4)

.preinit_array  0x000000000800260c        0x0
                0x000000000800260c                . = ALIGN (0x4)
                0x000000000800260c                PROVIDE (__preinit_array_start = .)
 *(.preinit_array*)
                0x000000000800260c                PROVIDE (__preinit_array_end = .)
                0x000000000800260c                . = ALIGN (0x4)

.init_array     0x000000000800260c        0x4
                0x000000000800260c                . = ALIGN (0x4)
                0x000000000800260c                PROVIDE (__init_array_start = .)
 *(SORT_BY_NAME(.init_array.*))
 *(.init_array*)
 .init_array    0x000000000800260c        0x4 c:/st/stm32cubeide_1.0.2/stm32cubeide/plugins/com.st.stm32cube.ide.mcu.externaltools.gnu-tools-for-stm32.7-2018-q2-update.win32_1.0.0.201904181610/tools/bin/../lib/gcc/arm-none-eabi/7.3.1/thumb/v7-m/crtbegin.o
                0x0000000008002610                PROVIDE (__init_array_end = .)
                0x0000000008002610                . = ALIGN (0x4)

.fini_array     0x0000000008002610        0x4
                0x0000000008002610                . = ALIGN (0x4)
                [!provide]                        PROVIDE (__fini_array_start = .)
 *(SORT_BY_NAME(.fini_array.*))
 *(.fini_array*)
 .fini_array    0x0000000008002610        0x4 c:/st/stm32cubeide_1.0.2/stm32cubeide/plugins/com.st.stm32cube.ide.mcu.externaltools.gnu-tools-for-stm32.7-2018-q2-update.win32_1.0.0.201904181610/tools/bin/../lib/gcc/arm-none-eabi/7.3.1/thumb/v7-m/crtbegin.o
                [!provide]                        PROVIDE (__fini_array_end = .)
                0x0000000008002614                . = ALIGN (0x4)
                0x0000000008002614                _sidata = LOADADDR (.data)

.data           0x0000000020000000       0x70 load address 0x0000000008002614
                0x0000000020000000                . = ALIGN (0x4)
                0x0000000020000000                _sdata = .
 *(.data)
 *(.data*)
 .data.freq     0x0000000020000000        0x4 src/main.o
                0x0000000020000000                freq
 .data.SystemCoreClock
                0x0000000020000004        0x4 src/system_stm32l1xx.o
                0x0000000020000004                SystemCoreClock
 .data.__fdlib_version
                0x0000000020000008        0x1 c:/st/stm32cubeide_1.0.2/stm32cubeide/plugins/com.st.stm32cube.ide.mcu.externaltools.gnu-tools-for-stm32.7-2018-q2-update.win32_1.0.0.201904181610/tools/bin/../lib/gcc/arm-none-eabi/7.3.1/../../../../arm-none-eabi/lib/thumb/v7-m\libm.a(lib_a-s_lib_ver.o)
                0x0000000020000008                __fdlib_version
 *fill*         0x0000000020000009        0x3 
 .data._impure_ptr
                0x000000002000000c        0x4 c:/st/stm32cubeide_1.0.2/stm32cubeide/plugins/com.st.stm32cube.ide.mcu.externaltools.gnu-tools-for-stm32.7-2018-q2-update.win32_1.0.0.201904181610/tools/bin/../lib/gcc/arm-none-eabi/7.3.1/../../../../arm-none-eabi/lib/thumb/v7-m\libc_nano.a(lib_a-impure.o)
                0x000000002000000c                _impure_ptr
 .data.impure_data
                0x0000000020000010       0x60 c:/st/stm32cubeide_1.0.2/stm32cubeide/plugins/com.st.stm32cube.ide.mcu.externaltools.gnu-tools-for-stm32.7-2018-q2-update.win32_1.0.0.201904181610/tools/bin/../lib/gcc/arm-none-eabi/7.3.1/../../../../arm-none-eabi/lib/thumb/v7-m\libc_nano.a(lib_a-impure.o)
                0x0000000020000070                . = ALIGN (0x4)
                0x0000000020000070                _edata = .

.igot.plt       0x0000000020000070        0x0 load address 0x0000000008002684
 .igot.plt      0x0000000020000070        0x0 c:/st/stm32cubeide_1.0.2/stm32cubeide/plugins/com.st.stm32cube.ide.mcu.externaltools.gnu-tools-for-stm32.7-2018-q2-update.win32_1.0.0.201904181610/tools/bin/../lib/gcc/arm-none-eabi/7.3.1/thumb/v7-m/crtbegin.o
                0x0000000020000070                . = ALIGN (0x4)

.bss            0x0000000020000070       0x6c load address 0x0000000008002684
                0x0000000020000070                _sbss = .
                0x0000000020000070                __bss_start__ = _sbss
 *(.bss)
 .bss           0x0000000020000070       0x1c c:/st/stm32cubeide_1.0.2/stm32cubeide/plugins/com.st.stm32cube.ide.mcu.externaltools.gnu-tools-for-stm32.7-2018-q2-update.win32_1.0.0.201904181610/tools/bin/../lib/gcc/arm-none-eabi/7.3.1/thumb/v7-m/crtbegin.o
 *(.bss*)
 .bss.SysTickVal
                0x000000002000008c        0x4 src/main.o
                0x000000002000008c                SysTickVal
 .bss.ADC_array
                0x0000000020000090       0x28 src/main.o
                0x0000000020000090                ADC_array
 .bss.pitch     0x00000000200000b8        0x4 src/main.o
                0x00000000200000b8                pitch
 .bss.harmonicScaleOdd
                0x00000000200000bc        0x2 src/main.o
                0x00000000200000bc                harmonicScaleOdd
 .bss.dampedHarmonicScaleOdd
                0x00000000200000be        0x2 src/main.o
                0x00000000200000be                dampedHarmonicScaleOdd
 .bss.startVolOdd
                0x00000000200000c0        0x2 src/main.o
                0x00000000200000c0                startVolOdd
 *fill*         0x00000000200000c2        0x2 
 .bss.harmScaleOdd
                0x00000000200000c4        0x4 src/main.o
                0x00000000200000c4                harmScaleOdd
 .bss.harmonicScaleEven
                0x00000000200000c8        0x2 src/main.o
                0x00000000200000c8                harmonicScaleEven
 .bss.dampedHarmonicScaleEven
                0x00000000200000ca        0x2 src/main.o
                0x00000000200000ca                dampedHarmonicScaleEven
 .bss.startVolEven
                0x00000000200000cc        0x2 src/main.o
                0x00000000200000cc                startVolEven
 *fill*         0x00000000200000ce        0x2 
 .bss.harmScaleEven
                0x00000000200000d0        0x4 src/main.o
                0x00000000200000d0                harmScaleEven
 .bss.freqScale
                0x00000000200000d4        0x2 src/main.o
                0x00000000200000d4                freqScale
 .bss.harmCount
                0x00000000200000d6        0x2 src/main.o
                0x00000000200000d6                harmCount
 .bss.harmCountTemp
                0x00000000200000d8        0x2 src/main.o
                0x00000000200000d8                harmCountTemp
 *(COMMON)
                0x00000000200000dc                . = ALIGN (0x4)
 *fill*         0x00000000200000da        0x2 
                0x00000000200000dc                _ebss = .
                0x00000000200000dc                __bss_end__ = _ebss

._user_heap_stack
                0x00000000200000dc      0x604 load address 0x0000000008002684
                0x00000000200000e0                . = ALIGN (0x8)
 *fill*         0x00000000200000dc        0x4 
                [!provide]                        PROVIDE (end = .)
                [!provide]                        PROVIDE (_end = .)
                0x00000000200002e0                . = (. + _Min_Heap_Size)
 *fill*         0x00000000200000e0      0x200 
                0x00000000200006e0                . = (. + _Min_Stack_Size)
 *fill*         0x00000000200002e0      0x400 
                0x00000000200006e0                . = ALIGN (0x8)

/DISCARD/
 libc.a(*)
 libm.a(*)
 libgcc.a(*)

.ARM.attributes
                0x0000000000000000       0x29
 *(.ARM.attributes)
 .ARM.attributes
                0x0000000000000000       0x1d c:/st/stm32cubeide_1.0.2/stm32cubeide/plugins/com.st.stm32cube.ide.mcu.externaltools.gnu-tools-for-stm32.7-2018-q2-update.win32_1.0.0.201904181610/tools/bin/../lib/gcc/arm-none-eabi/7.3.1/thumb/v7-m/crti.o
 .ARM.attributes
                0x000000000000001d       0x2d c:/st/stm32cubeide_1.0.2/stm32cubeide/plugins/com.st.stm32cube.ide.mcu.externaltools.gnu-tools-for-stm32.7-2018-q2-update.win32_1.0.0.201904181610/tools/bin/../lib/gcc/arm-none-eabi/7.3.1/thumb/v7-m/crtbegin.o
 .ARM.attributes
                0x000000000000004a       0x33 src/initialisation.o
 .ARM.attributes
                0x000000000000007d       0x33 src/main.o
 .ARM.attributes
                0x00000000000000b0       0x21 src/startup_stm32l152c8ux.o
 .ARM.attributes
                0x00000000000000d1       0x33 src/system_stm32l1xx.o
 .ARM.attributes
                0x0000000000000104       0x2d c:/st/stm32cubeide_1.0.2/stm32cubeide/plugins/com.st.stm32cube.ide.mcu.externaltools.gnu-tools-for-stm32.7-2018-q2-update.win32_1.0.0.201904181610/tools/bin/../lib/gcc/arm-none-eabi/7.3.1/../../../../arm-none-eabi/lib/thumb/v7-m\libm.a(lib_a-wf_pow.o)
 .ARM.attributes
                0x0000000000000131       0x2d c:/st/stm32cubeide_1.0.2/stm32cubeide/plugins/com.st.stm32cube.ide.mcu.externaltools.gnu-tools-for-stm32.7-2018-q2-update.win32_1.0.0.201904181610/tools/bin/../lib/gcc/arm-none-eabi/7.3.1/../../../../arm-none-eabi/lib/thumb/v7-m\libm.a(lib_a-ef_pow.o)
 .ARM.attributes
                0x000000000000015e       0x2d c:/st/stm32cubeide_1.0.2/stm32cubeide/plugins/com.st.stm32cube.ide.mcu.externaltools.gnu-tools-for-stm32.7-2018-q2-update.win32_1.0.0.201904181610/tools/bin/../lib/gcc/arm-none-eabi/7.3.1/../../../../arm-none-eabi/lib/thumb/v7-m\libm.a(lib_a-ef_sqrt.o)
 .ARM.attributes
                0x000000000000018b       0x2d c:/st/stm32cubeide_1.0.2/stm32cubeide/plugins/com.st.stm32cube.ide.mcu.externaltools.gnu-tools-for-stm32.7-2018-q2-update.win32_1.0.0.201904181610/tools/bin/../lib/gcc/arm-none-eabi/7.3.1/../../../../arm-none-eabi/lib/thumb/v7-m\libm.a(lib_a-s_lib_ver.o)
 .ARM.attributes
                0x00000000000001b8       0x2d c:/st/stm32cubeide_1.0.2/stm32cubeide/plugins/com.st.stm32cube.ide.mcu.externaltools.gnu-tools-for-stm32.7-2018-q2-update.win32_1.0.0.201904181610/tools/bin/../lib/gcc/arm-none-eabi/7.3.1/../../../../arm-none-eabi/lib/thumb/v7-m\libm.a(lib_a-s_matherr.o)
 .ARM.attributes
                0x00000000000001e5       0x2d c:/st/stm32cubeide_1.0.2/stm32cubeide/plugins/com.st.stm32cube.ide.mcu.externaltools.gnu-tools-for-stm32.7-2018-q2-update.win32_1.0.0.201904181610/tools/bin/../lib/gcc/arm-none-eabi/7.3.1/../../../../arm-none-eabi/lib/thumb/v7-m\libm.a(lib_a-sf_fabs.o)
 .ARM.attributes
                0x0000000000000212       0x2d c:/st/stm32cubeide_1.0.2/stm32cubeide/plugins/com.st.stm32cube.ide.mcu.externaltools.gnu-tools-for-stm32.7-2018-q2-update.win32_1.0.0.201904181610/tools/bin/../lib/gcc/arm-none-eabi/7.3.1/../../../../arm-none-eabi/lib/thumb/v7-m\libm.a(lib_a-sf_finite.o)
 .ARM.attributes
                0x000000000000023f       0x2d c:/st/stm32cubeide_1.0.2/stm32cubeide/plugins/com.st.stm32cube.ide.mcu.externaltools.gnu-tools-for-stm32.7-2018-q2-update.win32_1.0.0.201904181610/tools/bin/../lib/gcc/arm-none-eabi/7.3.1/../../../../arm-none-eabi/lib/thumb/v7-m\libm.a(lib_a-sf_nan.o)
 .ARM.attributes
                0x000000000000026c       0x2d c:/st/stm32cubeide_1.0.2/stm32cubeide/plugins/com.st.stm32cube.ide.mcu.externaltools.gnu-tools-for-stm32.7-2018-q2-update.win32_1.0.0.201904181610/tools/bin/../lib/gcc/arm-none-eabi/7.3.1/../../../../arm-none-eabi/lib/thumb/v7-m\libm.a(lib_a-sf_rint.o)
 .ARM.attributes
                0x0000000000000299       0x2d c:/st/stm32cubeide_1.0.2/stm32cubeide/plugins/com.st.stm32cube.ide.mcu.externaltools.gnu-tools-for-stm32.7-2018-q2-update.win32_1.0.0.201904181610/tools/bin/../lib/gcc/arm-none-eabi/7.3.1/../../../../arm-none-eabi/lib/thumb/v7-m\libm.a(lib_a-sf_scalbn.o)
 .ARM.attributes
                0x00000000000002c6       0x2d c:/st/stm32cubeide_1.0.2/stm32cubeide/plugins/com.st.stm32cube.ide.mcu.externaltools.gnu-tools-for-stm32.7-2018-q2-update.win32_1.0.0.201904181610/tools/bin/../lib/gcc/arm-none-eabi/7.3.1/../../../../arm-none-eabi/lib/thumb/v7-m\libm.a(lib_a-sf_copysign.o)
 .ARM.attributes
                0x00000000000002f3       0x2d c:/st/stm32cubeide_1.0.2/stm32cubeide/plugins/com.st.stm32cube.ide.mcu.externaltools.gnu-tools-for-stm32.7-2018-q2-update.win32_1.0.0.201904181610/tools/bin/../lib/gcc/arm-none-eabi/7.3.1/../../../../arm-none-eabi/lib/thumb/v7-m\libc_nano.a(lib_a-errno.o)
 .ARM.attributes
                0x0000000000000320       0x2d c:/st/stm32cubeide_1.0.2/stm32cubeide/plugins/com.st.stm32cube.ide.mcu.externaltools.gnu-tools-for-stm32.7-2018-q2-update.win32_1.0.0.201904181610/tools/bin/../lib/gcc/arm-none-eabi/7.3.1/../../../../arm-none-eabi/lib/thumb/v7-m\libc_nano.a(lib_a-impure.o)
 .ARM.attributes
                0x000000000000034d       0x2d c:/st/stm32cubeide_1.0.2/stm32cubeide/plugins/com.st.stm32cube.ide.mcu.externaltools.gnu-tools-for-stm32.7-2018-q2-update.win32_1.0.0.201904181610/tools/bin/../lib/gcc/arm-none-eabi/7.3.1/../../../../arm-none-eabi/lib/thumb/v7-m\libc_nano.a(lib_a-init.o)
 .ARM.attributes
                0x000000000000037a       0x1d c:/st/stm32cubeide_1.0.2/stm32cubeide/plugins/com.st.stm32cube.ide.mcu.externaltools.gnu-tools-for-stm32.7-2018-q2-update.win32_1.0.0.201904181610/tools/bin/../lib/gcc/arm-none-eabi/7.3.1/thumb/v7-m\libgcc.a(_arm_addsubdf3.o)
 .ARM.attributes
                0x0000000000000397       0x1d c:/st/stm32cubeide_1.0.2/stm32cubeide/plugins/com.st.stm32cube.ide.mcu.externaltools.gnu-tools-for-stm32.7-2018-q2-update.win32_1.0.0.201904181610/tools/bin/../lib/gcc/arm-none-eabi/7.3.1/thumb/v7-m\libgcc.a(_arm_truncdfsf2.o)
 .ARM.attributes
                0x00000000000003b4       0x1d c:/st/stm32cubeide_1.0.2/stm32cubeide/plugins/com.st.stm32cube.ide.mcu.externaltools.gnu-tools-for-stm32.7-2018-q2-update.win32_1.0.0.201904181610/tools/bin/../lib/gcc/arm-none-eabi/7.3.1/thumb/v7-m\libgcc.a(_arm_addsubsf3.o)
 .ARM.attributes
                0x00000000000003d1       0x1d c:/st/stm32cubeide_1.0.2/stm32cubeide/plugins/com.st.stm32cube.ide.mcu.externaltools.gnu-tools-for-stm32.7-2018-q2-update.win32_1.0.0.201904181610/tools/bin/../lib/gcc/arm-none-eabi/7.3.1/thumb/v7-m\libgcc.a(_arm_muldivsf3.o)
 .ARM.attributes
                0x00000000000003ee       0x1d c:/st/stm32cubeide_1.0.2/stm32cubeide/plugins/com.st.stm32cube.ide.mcu.externaltools.gnu-tools-for-stm32.7-2018-q2-update.win32_1.0.0.201904181610/tools/bin/../lib/gcc/arm-none-eabi/7.3.1/thumb/v7-m\libgcc.a(_arm_cmpsf2.o)
 .ARM.attributes
                0x000000000000040b       0x1d c:/st/stm32cubeide_1.0.2/stm32cubeide/plugins/com.st.stm32cube.ide.mcu.externaltools.gnu-tools-for-stm32.7-2018-q2-update.win32_1.0.0.201904181610/tools/bin/../lib/gcc/arm-none-eabi/7.3.1/thumb/v7-m\libgcc.a(_arm_unordsf2.o)
 .ARM.attributes
                0x0000000000000428       0x1d c:/st/stm32cubeide_1.0.2/stm32cubeide/plugins/com.st.stm32cube.ide.mcu.externaltools.gnu-tools-for-stm32.7-2018-q2-update.win32_1.0.0.201904181610/tools/bin/../lib/gcc/arm-none-eabi/7.3.1/thumb/v7-m\libgcc.a(_arm_fixunssfsi.o)
 .ARM.attributes
                0x0000000000000445       0x1d c:/st/stm32cubeide_1.0.2/stm32cubeide/plugins/com.st.stm32cube.ide.mcu.externaltools.gnu-tools-for-stm32.7-2018-q2-update.win32_1.0.0.201904181610/tools/bin/../lib/gcc/arm-none-eabi/7.3.1/thumb/v7-m/crtn.o
OUTPUT(Addatone_STM32L152.elf elf32-littlearm)

.debug_info     0x0000000000000000     0x397c
 .debug_info    0x0000000000000000     0x1cfd src/initialisation.o
 .debug_info    0x0000000000001cfd     0x1815 src/main.o
 .debug_info    0x0000000000003512       0x22 src/startup_stm32l152c8ux.o
 .debug_info    0x0000000000003534      0x448 src/system_stm32l1xx.o

.debug_abbrev   0x0000000000000000      0xb1b
 .debug_abbrev  0x0000000000000000      0x4ea src/initialisation.o
 .debug_abbrev  0x00000000000004ea      0x50e src/main.o
 .debug_abbrev  0x00000000000009f8       0x12 src/startup_stm32l152c8ux.o
 .debug_abbrev  0x0000000000000a0a      0x111 src/system_stm32l1xx.o

.debug_aranges  0x0000000000000000      0x150
 .debug_aranges
                0x0000000000000000       0x78 src/initialisation.o
 .debug_aranges
                0x0000000000000078       0x88 src/main.o
 .debug_aranges
                0x0000000000000100       0x28 src/startup_stm32l152c8ux.o
 .debug_aranges
                0x0000000000000128       0x28 src/system_stm32l1xx.o

.debug_ranges   0x0000000000000000      0x118
 .debug_ranges  0x0000000000000000       0x68 src/initialisation.o
 .debug_ranges  0x0000000000000068       0x78 src/main.o
 .debug_ranges  0x00000000000000e0       0x20 src/startup_stm32l152c8ux.o
 .debug_ranges  0x0000000000000100       0x18 src/system_stm32l1xx.o

.debug_macro    0x0000000000000000     0xffc7
 .debug_macro   0x0000000000000000      0x3d3 src/initialisation.o
 .debug_macro   0x00000000000003d3      0xb26 src/initialisation.o
 .debug_macro   0x0000000000000ef9       0x2e src/initialisation.o
 .debug_macro   0x0000000000000f27       0x22 src/initialisation.o
 .debug_macro   0x0000000000000f49       0x1c src/initialisation.o
 .debug_macro   0x0000000000000f65       0x22 src/initialisation.o
 .debug_macro   0x0000000000000f87       0x8e src/initialisation.o
 .debug_macro   0x0000000000001015       0x51 src/initialisation.o
 .debug_macro   0x0000000000001066       0xef src/initialisation.o
 .debug_macro   0x0000000000001155       0x6a src/initialisation.o
 .debug_macro   0x00000000000011bf      0x1df src/initialisation.o
 .debug_macro   0x000000000000139e       0x1c src/initialisation.o
 .debug_macro   0x00000000000013ba       0x22 src/initialisation.o
 .debug_macro   0x00000000000013dc       0xc3 src/initialisation.o
 .debug_macro   0x000000000000149f      0xe49 src/initialisation.o
 .debug_macro   0x00000000000022e8      0x11f src/initialisation.o
 .debug_macro   0x0000000000002407     0xa659 src/initialisation.o
 .debug_macro   0x000000000000ca60       0x43 src/initialisation.o
 .debug_macro   0x000000000000caa3      0x168 src/initialisation.o
 .debug_macro   0x000000000000cc0b       0x10 src/initialisation.o
 .debug_macro   0x000000000000cc1b      0x3f4 src/initialisation.o
 .debug_macro   0x000000000000d00f       0x28 src/initialisation.o
 .debug_macro   0x000000000000d037       0x41 src/initialisation.o
 .debug_macro   0x000000000000d078       0x12 src/initialisation.o
 .debug_macro   0x000000000000d08a       0x20 src/initialisation.o
 .debug_macro   0x000000000000d0aa       0x1c src/initialisation.o
 .debug_macro   0x000000000000d0c6       0x18 src/initialisation.o
 .debug_macro   0x000000000000d0de       0x6e src/initialisation.o
 .debug_macro   0x000000000000d14c       0x2e src/initialisation.o
 .debug_macro   0x000000000000d17a       0x19 src/initialisation.o
 .debug_macro   0x000000000000d193       0x76 src/initialisation.o
 .debug_macro   0x000000000000d209       0x19 src/initialisation.o
 .debug_macro   0x000000000000d222       0x10 src/initialisation.o
 .debug_macro   0x000000000000d232       0x18 src/initialisation.o
 .debug_macro   0x000000000000d24a       0x46 src/initialisation.o
 .debug_macro   0x000000000000d290       0x3c src/initialisation.o
 .debug_macro   0x000000000000d2cc       0x34 src/initialisation.o
 .debug_macro   0x000000000000d300       0x16 src/initialisation.o
 .debug_macro   0x000000000000d316      0x10e src/initialisation.o
 .debug_macro   0x000000000000d424       0x94 src/initialisation.o
 .debug_macro   0x000000000000d4b8       0x52 src/initialisation.o
 .debug_macro   0x000000000000d50a       0x1f src/initialisation.o
 .debug_macro   0x000000000000d529       0x43 src/initialisation.o
 .debug_macro   0x000000000000d56c       0x20 src/initialisation.o
 .debug_macro   0x000000000000d58c      0x1a3 src/initialisation.o
 .debug_macro   0x000000000000d72f      0x34d src/initialisation.o
 .debug_macro   0x000000000000da7c       0x16 src/initialisation.o
 .debug_macro   0x000000000000da92       0x29 src/initialisation.o
 .debug_macro   0x000000000000dabb       0x1c src/initialisation.o
 .debug_macro   0x000000000000dad7       0xde src/initialisation.o
 .debug_macro   0x000000000000dbb5       0x10 src/initialisation.o
 .debug_macro   0x000000000000dbc5      0x120 src/initialisation.o
 .debug_macro   0x000000000000dce5      0x1da src/initialisation.o
 .debug_macro   0x000000000000debf      0x3cd src/initialisation.o
 .debug_macro   0x000000000000e28c      0x3bf src/main.o
 .debug_macro   0x000000000000e64b       0xdf src/system_stm32l1xx.o
 .debug_macro   0x000000000000e72a      0xa54 src/system_stm32l1xx.o
 .debug_macro   0x000000000000f17e      0xe49 src/system_stm32l1xx.o

.debug_line     0x0000000000000000     0x2317
 .debug_line    0x0000000000000000      0xf08 src/initialisation.o
 .debug_line    0x0000000000000f08      0xf07 src/main.o
 .debug_line    0x0000000000001e0f       0x7b src/startup_stm32l152c8ux.o
 .debug_line    0x0000000000001e8a      0x48d src/system_stm32l1xx.o

.debug_str      0x0000000000000000    0x4e008
 .debug_str     0x0000000000000000    0x4db01 src/initialisation.o
                                      0x4df75 (size before relaxing)
 .debug_str     0x000000000004db01      0x281 src/main.o
                                      0x4db67 (size before relaxing)
 .debug_str     0x000000000004dd82       0x2d src/startup_stm32l152c8ux.o
                                         0x5b (size before relaxing)
 .debug_str     0x000000000004ddaf      0x259 src/system_stm32l1xx.o
                                      0x44e2e (size before relaxing)

.comment        0x0000000000000000       0x7b
 .comment       0x0000000000000000       0x7b src/initialisation.o
                                         0x7c (size before relaxing)
 .comment       0x000000000000007b       0x7c src/main.o
 .comment       0x000000000000007b       0x7c src/system_stm32l1xx.o

.debug_frame    0x0000000000000000      0x844
 .debug_frame   0x0000000000000000      0x1a8 src/initialisation.o
 .debug_frame   0x00000000000001a8      0x1cc src/main.o
 .debug_frame   0x0000000000000374       0x58 src/system_stm32l1xx.o
 .debug_frame   0x00000000000003cc       0x40 c:/st/stm32cubeide_1.0.2/stm32cubeide/plugins/com.st.stm32cube.ide.mcu.externaltools.gnu-tools-for-stm32.7-2018-q2-update.win32_1.0.0.201904181610/tools/bin/../lib/gcc/arm-none-eabi/7.3.1/../../../../arm-none-eabi/lib/thumb/v7-m\libm.a(lib_a-wf_pow.o)
 .debug_frame   0x000000000000040c       0x64 c:/st/stm32cubeide_1.0.2/stm32cubeide/plugins/com.st.stm32cube.ide.mcu.externaltools.gnu-tools-for-stm32.7-2018-q2-update.win32_1.0.0.201904181610/tools/bin/../lib/gcc/arm-none-eabi/7.3.1/../../../../arm-none-eabi/lib/thumb/v7-m\libm.a(lib_a-ef_pow.o)
 .debug_frame   0x0000000000000470       0x2c c:/st/stm32cubeide_1.0.2/stm32cubeide/plugins/com.st.stm32cube.ide.mcu.externaltools.gnu-tools-for-stm32.7-2018-q2-update.win32_1.0.0.201904181610/tools/bin/../lib/gcc/arm-none-eabi/7.3.1/../../../../arm-none-eabi/lib/thumb/v7-m\libm.a(lib_a-ef_sqrt.o)
 .debug_frame   0x000000000000049c       0x20 c:/st/stm32cubeide_1.0.2/stm32cubeide/plugins/com.st.stm32cube.ide.mcu.externaltools.gnu-tools-for-stm32.7-2018-q2-update.win32_1.0.0.201904181610/tools/bin/../lib/gcc/arm-none-eabi/7.3.1/../../../../arm-none-eabi/lib/thumb/v7-m\libm.a(lib_a-s_matherr.o)
 .debug_frame   0x00000000000004bc       0x20 c:/st/stm32cubeide_1.0.2/stm32cubeide/plugins/com.st.stm32cube.ide.mcu.externaltools.gnu-tools-for-stm32.7-2018-q2-update.win32_1.0.0.201904181610/tools/bin/../lib/gcc/arm-none-eabi/7.3.1/../../../../arm-none-eabi/lib/thumb/v7-m\libm.a(lib_a-sf_fabs.o)
 .debug_frame   0x00000000000004dc       0x20 c:/st/stm32cubeide_1.0.2/stm32cubeide/plugins/com.st.stm32cube.ide.mcu.externaltools.gnu-tools-for-stm32.7-2018-q2-update.win32_1.0.0.201904181610/tools/bin/../lib/gcc/arm-none-eabi/7.3.1/../../../../arm-none-eabi/lib/thumb/v7-m\libm.a(lib_a-sf_finite.o)
 .debug_frame   0x00000000000004fc       0x20 c:/st/stm32cubeide_1.0.2/stm32cubeide/plugins/com.st.stm32cube.ide.mcu.externaltools.gnu-tools-for-stm32.7-2018-q2-update.win32_1.0.0.201904181610/tools/bin/../lib/gcc/arm-none-eabi/7.3.1/../../../../arm-none-eabi/lib/thumb/v7-m\libm.a(lib_a-sf_nan.o)
 .debug_frame   0x000000000000051c       0x30 c:/st/stm32cubeide_1.0.2/stm32cubeide/plugins/com.st.stm32cube.ide.mcu.externaltools.gnu-tools-for-stm32.7-2018-q2-update.win32_1.0.0.201904181610/tools/bin/../lib/gcc/arm-none-eabi/7.3.1/../../../../arm-none-eabi/lib/thumb/v7-m\libm.a(lib_a-sf_rint.o)
 .debug_frame   0x000000000000054c       0x28 c:/st/stm32cubeide_1.0.2/stm32cubeide/plugins/com.st.stm32cube.ide.mcu.externaltools.gnu-tools-for-stm32.7-2018-q2-update.win32_1.0.0.201904181610/tools/bin/../lib/gcc/arm-none-eabi/7.3.1/../../../../arm-none-eabi/lib/thumb/v7-m\libm.a(lib_a-sf_scalbn.o)
 .debug_frame   0x0000000000000574       0x20 c:/st/stm32cubeide_1.0.2/stm32cubeide/plugins/com.st.stm32cube.ide.mcu.externaltools.gnu-tools-for-stm32.7-2018-q2-update.win32_1.0.0.201904181610/tools/bin/../lib/gcc/arm-none-eabi/7.3.1/../../../../arm-none-eabi/lib/thumb/v7-m\libm.a(lib_a-sf_copysign.o)
 .debug_frame   0x0000000000000594       0x20 c:/st/stm32cubeide_1.0.2/stm32cubeide/plugins/com.st.stm32cube.ide.mcu.externaltools.gnu-tools-for-stm32.7-2018-q2-update.win32_1.0.0.201904181610/tools/bin/../lib/gcc/arm-none-eabi/7.3.1/../../../../arm-none-eabi/lib/thumb/v7-m\libc_nano.a(lib_a-errno.o)
 .debug_frame   0x00000000000005b4       0x2c c:/st/stm32cubeide_1.0.2/stm32cubeide/plugins/com.st.stm32cube.ide.mcu.externaltools.gnu-tools-for-stm32.7-2018-q2-update.win32_1.0.0.201904181610/tools/bin/../lib/gcc/arm-none-eabi/7.3.1/../../../../arm-none-eabi/lib/thumb/v7-m\libc_nano.a(lib_a-init.o)
 .debug_frame   0x00000000000005e0       0xac c:/st/stm32cubeide_1.0.2/stm32cubeide/plugins/com.st.stm32cube.ide.mcu.externaltools.gnu-tools-for-stm32.7-2018-q2-update.win32_1.0.0.201904181610/tools/bin/../lib/gcc/arm-none-eabi/7.3.1/thumb/v7-m\libgcc.a(_arm_addsubdf3.o)
 .debug_frame   0x000000000000068c       0x24 c:/st/stm32cubeide_1.0.2/stm32cubeide/plugins/com.st.stm32cube.ide.mcu.externaltools.gnu-tools-for-stm32.7-2018-q2-update.win32_1.0.0.201904181610/tools/bin/../lib/gcc/arm-none-eabi/7.3.1/thumb/v7-m\libgcc.a(_arm_truncdfsf2.o)
 .debug_frame   0x00000000000006b0       0x4c c:/st/stm32cubeide_1.0.2/stm32cubeide/plugins/com.st.stm32cube.ide.mcu.externaltools.gnu-tools-for-stm32.7-2018-q2-update.win32_1.0.0.201904181610/tools/bin/../lib/gcc/arm-none-eabi/7.3.1/thumb/v7-m\libgcc.a(_arm_addsubsf3.o)
 .debug_frame   0x00000000000006fc       0x38 c:/st/stm32cubeide_1.0.2/stm32cubeide/plugins/com.st.stm32cube.ide.mcu.externaltools.gnu-tools-for-stm32.7-2018-q2-update.win32_1.0.0.201904181610/tools/bin/../lib/gcc/arm-none-eabi/7.3.1/thumb/v7-m\libgcc.a(_arm_muldivsf3.o)
 .debug_frame   0x0000000000000734       0xc8 c:/st/stm32cubeide_1.0.2/stm32cubeide/plugins/com.st.stm32cube.ide.mcu.externaltools.gnu-tools-for-stm32.7-2018-q2-update.win32_1.0.0.201904181610/tools/bin/../lib/gcc/arm-none-eabi/7.3.1/thumb/v7-m\libgcc.a(_arm_cmpsf2.o)
 .debug_frame   0x00000000000007fc       0x24 c:/st/stm32cubeide_1.0.2/stm32cubeide/plugins/com.st.stm32cube.ide.mcu.externaltools.gnu-tools-for-stm32.7-2018-q2-update.win32_1.0.0.201904181610/tools/bin/../lib/gcc/arm-none-eabi/7.3.1/thumb/v7-m\libgcc.a(_arm_unordsf2.o)
 .debug_frame   0x0000000000000820       0x24 c:/st/stm32cubeide_1.0.2/stm32cubeide/plugins/com.st.stm32cube.ide.mcu.externaltools.gnu-tools-for-stm32.7-2018-q2-update.win32_1.0.0.201904181610/tools/bin/../lib/gcc/arm-none-eabi/7.3.1/thumb/v7-m\libgcc.a(_arm_fixunssfsi.o)
